SQL> --
SQL> -- Author: Silas Agnew
SQL> --
SQL> -- IMPORTANT: use the names IC-1, IC-2, etc. as given below.
SQL> -- -------------------------------------------------------------------
SQL> --
SQL> 
SQL> DROP TABLE Orders CASCADE CONSTRAINTS;

Table dropped.

SQL> DROP TABLE OrderLine CASCADE CONSTRAINTS;
DROP TABLE OrderLine CASCADE CONSTRAINTS
           *
ERROR at line 1:
ORA-00942: table or view does not exist 


SQL> 
SQL> CREATE TABLE Orders
  2  (
  3  orderNum	 INTEGER     PRIMARY KEY,
  4  priority	 CHAR(10)    NOT NULL,
  5  cost	 INTEGER     NOT NULL,
  6  
  7  /* IC-1: The priority is one of: high, medium, or low */
  8  CONSTRAINT IC1 CHECK(priority='high' OR priority='medium' OR priority='low'),
  9  
 10  /* IC-2: The cost of a high priority order is above 2000. */
 11  CONSTRAINT IC2 CHECK(NOT (priority='high' AND cost < 2000)),
 12  
 13  /* IC-3: The cost of a medium prority order is between 800 and 2200 (inclusive) */
 14  CONSTRAINT IC3 CHECK(NOT (priority='medium' AND cost < 800 OR cost > 2200)),
 15  
 16  /* IC-4: The cost of a low priority order is less than 1000 */
 17  CONSTRAINT IC4 CHECK(NOT (priority='low' AND cost >= 1000))
 18  );

Table created.

SQL> 
SQL> 
SQL> CREATE TABLE OrderLine
  2  (
  3  orderNum	 INTEGER,
  4  lineNum	 INTEGER,
  5  item	 CHAR(10)    NOT NULL,
  6  quantity	 INTEGER,
  7  PRIMARY KEY (orderNum, lineNum),
  8  
  9  /* IC-5: Every order line must belong to an order in the Order table.
 10  	Also if an order is deleted then all its order lines must be deleted. */
 11  CONSTRAINT IC5 FOREIGN KEY (orderNum)
 12  REFERENCES Orders(orderNum)
 13  ON DELETE CASCADE
 14  );

Table created.

SQL> 
SQL> -- -------------------------------------------------------------------
SQL> -- TESTING THE SCHEMA
SQL> -- -------------------------------------------------------------------
SQL> INSERT INTO Orders VALUES (10, 'high', 2400);
INSERT INTO Orders VALUES (10, 'high', 2400)
*
ERROR at line 1:
ORA-02290: check constraint (AGNEWS.IC3) violated 


SQL> INSERT INTO Orders VALUES (20, 'high', 1900);
INSERT INTO Orders VALUES (20, 'high', 1900)
*
ERROR at line 1:
ORA-02290: check constraint (AGNEWS.IC2) violated 


SQL> INSERT INTO Orders VALUES (30, 'high', 2100);

1 row created.

SQL> INSERT INTO Orders VALUES (40, 'medium',700);
INSERT INTO Orders VALUES (40, 'medium',700)
*
ERROR at line 1:
ORA-02290: check constraint (AGNEWS.IC3) violated 


SQL> INSERT INTO Orders VALUES (50, 'low',  1100);
INSERT INTO Orders VALUES (50, 'low',  1100)
*
ERROR at line 1:
ORA-02290: check constraint (AGNEWS.IC4) violated 


SQL> INSERT INTO Orders VALUES (60, 'low',   900);

1 row created.

SQL> SELECT * FROM OrderLine;

no rows selected

SQL> 
SQL> INSERT INTO OrderLine VALUES (10, 1, 'AAA', 200);
INSERT INTO OrderLine VALUES (10, 1, 'AAA', 200)
*
ERROR at line 1:
ORA-02291: integrity constraint (AGNEWS.IC5) violated - parent key not found 


SQL> INSERT INTO OrderLine VALUES (10, 2, 'BBB', 300);
INSERT INTO OrderLine VALUES (10, 2, 'BBB', 300)
*
ERROR at line 1:
ORA-02291: integrity constraint (AGNEWS.IC5) violated - parent key not found 


SQL> INSERT INTO OrderLine VALUES (60, 1, 'CCC', 5);

1 row created.

SQL> INSERT INTO OrderLine VALUES (15, 1, 'AAA', 7);
INSERT INTO OrderLine VALUES (15, 1, 'AAA', 7)
*
ERROR at line 1:
ORA-02291: integrity constraint (AGNEWS.IC5) violated - parent key not found 


SQL> SELECT * FROM OrderLine;

  ORDERNUM    LINENUM ITEM         QUANTITY                                     
---------- ---------- ---------- ----------                                     
        60          1 CCC                 5                                     

SQL> 
SQL> DELETE FROM Orders WHERE orderNum = 10;

0 rows deleted.

SQL> SELECT * FROM Orders;

  ORDERNUM PRIORITY         COST                                                
---------- ---------- ----------                                                
        30 high             2100                                                
        60 low               900                                                

SQL> SELECT * FROM OrderLine;

  ORDERNUM    LINENUM ITEM         QUANTITY                                     
---------- ---------- ---------- ----------                                     
        60          1 CCC                 5                                     

SQL> 
SQL> SET ECHO OFF
